// Jest Snapshot v1, https://goo.gl/fbAQLP

exports[`Pruebas en <TodoList /> debe de mostrarse correctamente 1`] = `
<ul
  className="list-group list-group-flush"
>
  <TodoItem
    handleDelete={[Function]}
    handleToggle={[Function]}
    index={0}
    key="1"
    todo={
      Object {
        "desc": "Aprender react",
        "done": false,
        "id": 1,
      }
    }
  />
  <TodoItem
    handleDelete={[Function]}
    handleToggle={[Function]}
    index={1}
    key="2"
    todo={
      Object {
        "desc": "Aprender mongo",
        "done": false,
        "id": 2,
      }
    }
  />
</ul>
`;
