// Jest Snapshot v1, https://goo.gl/fbAQLP

exports[`Probando <HookApp /> Debe renderizar correctamente 1`] = `
<div>
  <h1>
    Hola Mundo!!!!
  </h1>
</div>
`;
